// Jest Snapshot v1, https://goo.gl/fbAQLP

exports[`Render <CaseComponet /> component 1`] = `
<div
  className="list-page"
>
  <h1
    className="page-heading"
  >
    COVID-19 CASES
  </h1>
  <ul
    className="card"
  />
</div>
`;
