// Jest Snapshot v1, https://goo.gl/fbAQLP

exports[`Render <CountryInfromation /> Component 1`] = `
<div
  className="fetch-data"
>
  <h1>
    Fetching data...
  </h1>
  <div
    class="loader"
  >
    <div
      class="inner one"
    />
    <div
      class="inner two"
    />
    <div
      class="inner three"
    />
  </div>
</div>
`;
